// Jest Snapshot v1, https://goo.gl/fbAQLP

exports[`helpers datasetToObject should convert DOMElement data to object 1`] = `
Object {
  "minuteMaid": "no",
  "rule": "yes",
}
`;
