// Jest Snapshot v1, https://goo.gl/fbAQLP

exports[`repository should have the expected watchers 1`] = `
Object {
  "fork": Array [
    Object {
      "@@redux-saga/IO": true,
      "FORK": Object {
        "args": Array [
          "CREATE_DATASET",
          "@@redux-saga-test-plan/json/function/createDataset",
        ],
        "context": null,
        "fn": "@@redux-saga-test-plan/json/function/takeLatest",
      },
    },
  ],
  "take": Array [
    Object {
      "@@redux-saga/IO": true,
      "TAKE": Object {
        "pattern": "CREATE_DATASET",
      },
    },
  ],
}
`;
