// Jest Snapshot v1, https://goo.gl/fbAQLP

exports[`user should have the expected watchers 1`] = `
Object {
  "fork": Array [
    Object {
      "@@redux-saga/IO": true,
      "FORK": Object {
        "args": Array [
          "USER_LOGIN",
          "@@redux-saga-test-plan/json/function/login",
        ],
        "context": null,
        "fn": "@@redux-saga-test-plan/json/function/takeLatest",
      },
    },
    Object {
      "@@redux-saga/IO": true,
      "FORK": Object {
        "args": Array [
          "USER_LOGOUT",
          "@@redux-saga-test-plan/json/function/logout",
        ],
        "context": null,
        "fn": "@@redux-saga-test-plan/json/function/takeLatest",
      },
    },
  ],
  "take": Array [
    Object {
      "@@redux-saga/IO": true,
      "TAKE": Object {
        "pattern": "USER_LOGIN",
      },
    },
    Object {
      "@@redux-saga/IO": true,
      "TAKE": Object {
        "pattern": "USER_LOGOUT",
      },
    },
  ],
}
`;
