// Jest Snapshot v1, https://goo.gl/fbAQLP

exports[`GitHub should render properly 1`] = `
<div
  data-testid="GitHubWrapper"
  key="GitHub"
>
  <Flex
    alignItems="center"
    justifyContent="center"
  >
    <ButtonGroup
      aria-label="GitHub Selector"
      data-testid="GitHubSelector"
      role="group"
    >
      <Button
        animate={false}
        as="button"
        block={false}
        data-query="react"
        disabled={false}
        onClick={[Function]}
        outline={false}
        size="lg"
        type="button"
        variant="primary"
      >
        React
      </Button>
      <Button
        animate={false}
        as="button"
        block={false}
        data-query="redux"
        disabled={false}
        onClick={[Function]}
        outline={true}
        size="lg"
        type="button"
        variant="primary"
      >
        Redux
      </Button>
    </ButtonGroup>
  </Flex>
  <Loader
    block={true}
    color="#7ebb7d"
    size={32}
    type="grow"
  />
</div>
`;

exports[`GitHub should render the Grid if data exists 1`] = `null`;
