// Jest Snapshot v1, https://goo.gl/fbAQLP

exports[`DatasetView should render all zones 1`] = `
<Connect(DatasetView)
  app={
    Object {
      "alerts": Array [],
    }
  }
  dispatch={[MockFunction]}
/>
`;
