// Jest Snapshot v1, https://goo.gl/fbAQLP

exports[`Logo should render properly 1`] = `
.c0 {
  -webkit-align-items: flex-start;
  -webkit-box-align: flex-start;
  -ms-flex-align: flex-start;
  align-items: flex-start;
  display: -webkit-inline-box;
  display: -webkit-inline-flex;
  display: -ms-inline-flexbox;
  display: inline-flex;
  height: 41px;
  width: 41px;
}

.c1 {
  color: #fff;
  position: relative;
  bottom: 12px;
  font-size: 21px;
  left: 4px;
}

<div>
  <Logo
    src={
      Object {
        "ReactComponent": "SvgMock",
      }
    }
  >
    <img
      className="c0"
      src={
        Object {
          "ReactComponent": "SvgMock",
        }
      }
    />
  </Logo>
  <Title>
    <span
      className="c1"
    >
      Jade Data Repository
    </span>
  </Title>
</div>
`;
