// Jest Snapshot v1, https://goo.gl/fbAQLP

exports[`Home should render properly 1`] = `
.c0 {
  background: #000 linear-gradient(to bottom,#fff 0%,#fff 80%) fixed;
  color: #000;
  min-height: 100vh;
  overflow: hidden;
  position: relative;
}

.c0:before {
  background: linear-gradient(to bottom,#000,#fff);
  bottom: 0;
  content: '';
  left: 0;
  opacity: 0.4;
  position: absolute;
  right: 0;
  top: 0;
  -webkit-transform: rotate(-20deg) scale(1.5) translate(0,43%);
  -ms-transform: rotate(-20deg) scale(1.5) translate(0,43%);
  transform: rotate(-20deg) scale(1.5) translate(0,43%);
}

.c1 {
  box-sizing: border-box;
  margin-left: auto;
  margin-right: auto;
  padding-left: 16px;
  padding-right: 16px;
  max-width: 1440px;
  position: relative;
  width: 100%;
  -webkit-align-items: center;
  -webkit-box-align: center;
  -ms-flex-align: center;
  align-items: center;
  display: -webkit-box;
  display: -webkit-flex;
  display: -ms-flexbox;
  display: flex;
  -webkit-flex-direction: column;
  -ms-flex-direction: column;
  flex-direction: column;
  -webkit-box-pack: center;
  -webkit-justify-content: center;
  -ms-flex-pack: center;
  justify-content: center;
  min-height: 100vh;
}

@media (min-width:768px) {
  .c1 {
    padding-left: 32px;
    padding-right: 32px;
  }
}

<Background
  data-testid="home"
  key="home"
>
  <div
    className="c0"
    data-testid="home"
  >
    <HomeContainer
      verticalPadding={false}
    >
      <div
        className="c1"
      >
        <div>
          <h1>
            Welcome to the Jade Data Repository
          </h1>
          <div>
            <button
              disabled={true}
              onClick={[Function]}
              onMouseDown={[Function]}
              onMouseEnter={[Function]}
              onMouseLeave={[Function]}
              onMouseUp={[Function]}
              style={
                Object {
                  "alignItems": "center",
                  "backgroundColor": "rgb(66, 133, 244)",
                  "border": "1px solid transparent",
                  "borderRadius": 2,
                  "boxShadow": "0 2px 2px 0 rgba(0, 0, 0, .24), 0 0 1px 0 rgba(0, 0, 0, .24)",
                  "color": "#fff",
                  "display": "inline-flex",
                  "fontFamily": "Roboto, sans-serif",
                  "fontSize": 14,
                  "fontWeight": "500",
                  "opacity": 0.6,
                  "padding": 0,
                }
              }
              type="button"
            >
              <div
                style={
                  Object {
                    "background": "#fff",
                    "borderRadius": 2,
                    "marginRight": 10,
                    "padding": 10,
                  }
                }
              >
                <svg
                  height="18"
                  width="18"
                  xmlns="http://www.w3.org/2000/svg"
                >
                  <g
                    fill="#000"
                    fillRule="evenodd"
                  >
                    <path
                      d="M9 3.48c1.69 0 2.83.73 3.48 1.34l2.54-2.48C13.46.89 11.43 0 9 0 5.48 0 2.44 2.02.96 4.96l2.91 2.26C4.6 5.05 6.62 3.48 9 3.48z"
                      fill="#EA4335"
                    />
                    <path
                      d="M17.64 9.2c0-.74-.06-1.28-.19-1.84H9v3.34h4.96c-.1.83-.64 2.08-1.84 2.92l2.84 2.2c1.7-1.57 2.68-3.88 2.68-6.62z"
                      fill="#4285F4"
                    />
                    <path
                      d="M3.88 10.78A5.54 5.54 0 0 1 3.58 9c0-.62.11-1.22.29-1.78L.96 4.96A9.008 9.008 0 0 0 0 9c0 1.45.35 2.82.96 4.04l2.92-2.26z"
                      fill="#FBBC05"
                    />
                    <path
                      d="M9 18c2.43 0 4.47-.8 5.96-2.18l-2.84-2.2c-.76.53-1.78.9-3.12.9-2.38 0-4.4-1.57-5.12-3.74L.97 13.04C2.45 15.98 5.48 18 9 18z"
                      fill="#34A853"
                    />
                    <path
                      d="M0 0h18v18H0z"
                      fill="none"
                    />
                  </g>
                </svg>
              </div>
              <span
                style={
                  Object {
                    "fontWeight": 500,
                    "paddingBottom": 10,
                    "paddingLeft": 0,
                    "paddingRight": 10,
                    "paddingTop": 10,
                  }
                }
              >
                Sign in with Google
              </span>
            </button>
          </div>
          <h3>
            New User?
          </h3>
          <h3>
            Jade Data Repository requires a  Google account.
          </h3>
          <p>
            Terra uses your Google account. Once you have signed in and completed the user profile registration step, you can start using Terra.
          </p>
          <a>
            Need to create a Terra account?
          </a>
          <hr />
          <div>
            <div>
              <div>
                WARNING NOTICE
              </div>
              <div>
                You are accessing a US Government web site which may contain information that must be protected under the US Privacy Act or other sensitive information and is intended for Government authorized use only. Unauthorized attempts to upload information, change information, or use of this web site may result in disciplinary action, civil, and/or criminal penalties. Unauthorized users of this website should have no expectation of privacy regarding any communications or data processed by this website. Anyone accessing this website expressly consents to monitoring of their actions and all communications or data transiting or stored on related to this website and is advised that if such monitoring reveals possible evidence of criminal activity, NIH may provide that evidence to law enforcement officials. WARNING NOTICE (when accessing TCGA controlled data) You are reminded that when accessing TCGA controlled access information you are bound by the dbGaP TCGA DATA USE CERTIFICATION AGREEMENT (DUCA).
              </div>
            </div>
          </div>
        </div>
      </div>
    </HomeContainer>
  </div>
</Background>
`;
